2025-06-30 02:32:59,939 - INFO - Fortranソースコード解析を開始します: E:/15_programming/fortran_analyzer/20250628_cursor/j2d_tnshoku_ver5.f90
2025-06-30 02:32:59,945 - DEBUG - EUC-JP Japanese prober hit error at byte 151
2025-06-30 02:32:59,946 - DEBUG - EUC-KR Korean prober hit error at byte 151
2025-06-30 02:32:59,946 - DEBUG - CP949 Korean prober hit error at byte 212
2025-06-30 02:32:59,946 - DEBUG - Big5 Chinese prober hit error at byte 151
2025-06-30 02:32:59,946 - DEBUG - EUC-TW Taiwan prober hit error at byte 151
2025-06-30 02:32:59,946 - DEBUG - Johab Korean prober hit error at byte 161
2025-06-30 02:32:59,950 - DEBUG - utf-8 not active
2025-06-30 02:32:59,950 - DEBUG - SHIFT_JIS Japanese confidence = 0.9393939393939394
2025-06-30 02:32:59,950 - DEBUG - EUC-JP not active
2025-06-30 02:32:59,950 - DEBUG - GB2312 Chinese confidence = 0.01
2025-06-30 02:32:59,950 - DEBUG - EUC-KR not active
2025-06-30 02:32:59,950 - DEBUG - CP949 not active
2025-06-30 02:32:59,950 - DEBUG - Big5 not active
2025-06-30 02:32:59,950 - DEBUG - EUC-TW not active
2025-06-30 02:32:59,950 - DEBUG - Johab not active
2025-06-30 02:32:59,950 - DEBUG - windows-1251 Russian confidence = 0.01
2025-06-30 02:32:59,950 - DEBUG - KOI8-R Russian confidence = 0.01
2025-06-30 02:32:59,950 - DEBUG - ISO-8859-5 Russian confidence = 0.01
2025-06-30 02:32:59,950 - DEBUG - MacCyrillic Russian confidence = 0.03346515701027683
2025-06-30 02:32:59,950 - DEBUG - IBM866 Russian confidence = 0.011219884346045421
2025-06-30 02:32:59,950 - DEBUG - IBM855 Russian confidence = 0.01
2025-06-30 02:32:59,950 - DEBUG - ISO-8859-7 Greek confidence = 0.01
2025-06-30 02:32:59,950 - DEBUG - windows-1253 Greek confidence = 0.01
2025-06-30 02:32:59,950 - DEBUG - ISO-8859-5 Bulgarian confidence = 0.01
2025-06-30 02:32:59,951 - DEBUG - windows-1251 Bulgarian confidence = 0.01
2025-06-30 02:32:59,951 - DEBUG - TIS-620 Thai confidence = 0.01
2025-06-30 02:32:59,951 - DEBUG - ISO-8859-9 Turkish confidence = 0.0008435724631176903
2025-06-30 02:32:59,951 - DEBUG - windows-1255 Hebrew confidence = 0.0
2025-06-30 02:32:59,951 - DEBUG - windows-1255 Hebrew confidence = 0.0
2025-06-30 02:32:59,951 - DEBUG - windows-1255 Hebrew confidence = 0.0013748052373911616
2025-06-30 02:32:59,951 - DEBUG - utf-8 not active
2025-06-30 02:32:59,951 - DEBUG - SHIFT_JIS Japanese confidence = 0.9393939393939394
2025-06-30 02:32:59,951 - DEBUG - EUC-JP not active
2025-06-30 02:32:59,951 - DEBUG - GB2312 Chinese confidence = 0.01
2025-06-30 02:32:59,951 - DEBUG - EUC-KR not active
2025-06-30 02:32:59,951 - DEBUG - CP949 not active
2025-06-30 02:32:59,951 - DEBUG - Big5 not active
2025-06-30 02:32:59,951 - DEBUG - EUC-TW not active
2025-06-30 02:32:59,951 - DEBUG - Johab not active
2025-06-30 02:32:59,956 - WARNING - 継続行の最終行に到達: 物理行 479 : '                               IFTREE,IFTRETF,IFRYUSK,IFSHOKU,IFTRKR !樹木群倒伏判定,植生流出,植生消長,崩落,樹木管理(伐採)を追加 BY HIRAO H24.10'
2025-06-30 02:32:59,958 - WARNING - 継続行の最終行に到達: 物理行 723 : '                                                 inb0(K),ddJK0(K)'
2025-06-30 02:32:59,958 - WARNING - 継続行の最終行に到達: 物理行 736 : '                                                  inb0(K),anb0(k)'
2025-06-30 02:32:59,964 - WARNING - 継続行の最終行に到達: 物理行 2461 : '               H(i-1,j) >= HST .AND. H(i-2,j) >= HST .AND. H(i-3,j) >= HST)then'
2025-06-30 02:32:59,965 - WARNING - 継続行の最終行に到達: 物理行 2465 : '               H(i-1,j+2) >= HST .AND. H(i-1,j+1) >= HST .AND. H(i-1,j  ) >= HST .AND. H(i-1,j-1) >= HST .AND. H(i-1,j-2) >= HST )then'
2025-06-30 02:32:59,965 - WARNING - 継続行の最終行に到達: 物理行 2476 : '                    +FM0AVE*VC0AVE *(GUX(I,J+1) - GUX(I,J))*DYI)/YACA'
2025-06-30 02:32:59,965 - WARNING - 継続行の最終行に到達: 物理行 2479 : '                    +FN0AVE*VC0AVE *(GUY(I,J+1)-GUY(I,J))*DYI)/YACA'
2025-06-30 02:32:59,966 - WARNING - 継続行の最終行に到達: 物理行 2501 : '                    -((H(I,J-1)+ZB(I,J-1))+(H(I-1,J-1)+ZB(I-1,J-1)))*0.5d0) *0.50d0*DYI'
2025-06-30 02:32:59,967 - WARNING - 継続行の最終行に到達: 物理行 2755 : '               H(i  ,j-2) >= HST .AND. H(i  ,j-3) >= HST )then'
2025-06-30 02:32:59,967 - WARNING - 継続行の最終行に到達: 物理行 2759 : '               H(i+2,j-1) >= HST .AND. H(i+1,j-1) >= HST .AND. H(i  ,j-1) >= HST .AND. H(i-1,j-1) >= HST .AND. H(i-2,j-1) >= HST )then'
2025-06-30 02:32:59,968 - WARNING - 継続行の最終行に到達: 物理行 2770 : '                     -(YIX(I+1,J-1)+YIX(I,J-1))*0.5d0)*0.50d0*DYI)/YACA'
2025-06-30 02:32:59,968 - WARNING - 継続行の最終行に到達: 物理行 2773 : '                     -(YIY(I+1,J-1)+YIY(I,J-1))*0.5d0)*0.50d0*DYI)/YACA'
2025-06-30 02:32:59,968 - WARNING - 継続行の最終行に到達: 物理行 2780 : '                   -((H(I-1,J)+ZB(I-1,J))+(H(I-1,J-1)+ZB(I-1,J-1)))*0.5d0) *0.50d0*DGU'
2025-06-30 02:32:59,969 - WARNING - 継続行の最終行に到達: 物理行 3032 : '1234 CONTINUE'
2025-06-30 02:32:59,972 - WARNING - 物理行 3591 : 継続行の行頭が「&」で始まっています。Fortranの仕様上、前後の空白や連結に注意してください。
2025-06-30 02:32:59,972 - WARNING - 継続行の最終行に到達: 物理行 3591 : '               & +((VC0(I,J+1)*DG_LG(I-1,J+1)+VC0(I-1,J+1)*DG_LG(I,J+1))/(DG_LG(I,J+1)+DG_LG(I-1,J+1))))'
2025-06-30 02:32:59,972 - WARNING - 物理行 3601 : 継続行の行頭が「&」で始まっています。Fortranの仕様上、前後の空白や連結に注意してください。
2025-06-30 02:32:59,973 - WARNING - 継続行の最終行に到達: 物理行 3601 : '               & +((VC0(I+1,J+1)*DG_LG(I,J+1)+VC0(I,J+1)*DG_LG(I+1,J+1))/(DG_LG(I+1,J+1)+DG_LG(I,J+1))))'
2025-06-30 02:32:59,973 - WARNING - 物理行 3610 : 継続行の行頭が「&」で始まっています。Fortranの仕様上、前後の空白や連結に注意してください。
2025-06-30 02:32:59,973 - WARNING - 継続行の最終行に到達: 物理行 3610 : '               & +((UC0(I+1,J)*DE_LE(I+1,J-1)+UC0(I+1,J-1)*DE_LE(I+1,J))/(DE_LE(I+1,J)+DE_LE(I+1,J-1))))'
2025-06-30 02:32:59,974 - WARNING - 物理行 3620 : 継続行の行頭が「&」で始まっています。Fortranの仕様上、前後の空白や連結に注意してください。
2025-06-30 02:32:59,974 - WARNING - 継続行の最終行に到達: 物理行 3620 : '               & +((UC0(I+1,J+1)*DE_LE(I+1,J)+UC0(I+1,J)*DE_LE(I+1,J+1))/(DE_LE(I+1,J+1)+DE_LE(I+1,J))))'
2025-06-30 02:32:59,975 - WARNING - 継続行の最終行に到達: 物理行 3702 : '                +IKSHD(IP1,JM1)+IKSHD(IP1,J)+IKSHD(IP1,JP1) &'
2025-06-30 02:32:59,975 - WARNING - 継続行の最終行に到達: 物理行 3711 : '                    +PR_TMP(IP1,JM1)*IKSHD(IP1,JM1)+PR_TMP(IP1,J)*IKSHD(IP1,J)+PR_TMP(IP1,JP1)*IKSHD(IP1,JP1) &'
2025-06-30 02:32:59,976 - WARNING - 継続行の最終行に到達: 物理行 4056 : '               *(  1.0d0*FM0GU(i+2,j)/yacd2 -4.0d0*FM0GU(i+1,j)/yacd1 +6.0d0*FM0GU(i,j)/yacm0   -4.0d0*FM0GU(i-1,j)/yacu1 &'
2025-06-30 02:32:59,977 - WARNING - 継続行の最終行に到達: 物理行 4095 : '               *(  1.0d0*FM0GU(i,j+2)/yacl2 -4.0d0*FM0GU(i,j+1)/yacl1 +6.0d0*FM0GU(i,j)/yacm0   -4.0d0*FM0GU(i,j-1)/yacr1 &'
2025-06-30 02:32:59,977 - WARNING - 継続行の最終行に到達: 物理行 4133 : '               *(  1.0d0*FN0YI(i,j+2)/yacl2 -4.0d0*FN0YI(i,j+1)/yacl1 +6.0d0*FN0YI(i,j)/yacm0   -4.0d0*FN0YI(i,j-1)/yacr1 &'
2025-06-30 02:32:59,978 - WARNING - 継続行の最終行に到達: 物理行 4172 : '               *(  1.0d0*FN0YI(i+2,j)/yacd2 -4.0d0*FN0YI(i+1,j)/yacd1 +6.0d0*FN0YI(i,j)/yacm0   -4.0d0*FN0YI(i-1,j)/yacu1 &'
2025-06-30 02:32:59,979 - WARNING - 継続行の最終行に到達: 物理行 4563 : '               -dsqrt(36.0d0*ANYU**2/((SIGR-1.0d0)*G*DM(L)**3))) *dsqrt((SIGR-1.0d0)*G*DM(L))'
2025-06-30 02:32:59,981 - WARNING - 継続行の最終行に到達: 物理行 5001 : '                  *(1.0d0-TSTAC(I,J,L)/TSTA)*(1.0d0-USTC(I,J,L)/USTA)'
2025-06-30 02:32:59,982 - WARNING - 継続行の最終行に到達: 物理行 5344 : '      SUS5=(HL*ECSL/YACL*((YIXL**2+YIYL**2)*DCDYL +(GUXL*YIXL+GUYL*YIYL)*DCDGL) &'
2025-06-30 02:32:59,984 - WARNING - 継続行の最終行に到達: 物理行 5710 : '       SUS5=(HL*ECSL/YACL*((YIXL**2+YIYL**2)*DCDYL +(GUXL*YIXL+GUYL*YIYL)*DCDGL) &'
2025-06-30 02:32:59,984 - WARNING - 継続行の最終行に到達: 物理行 5832 : 'time0=dclock()'
2025-06-30 02:32:59,985 - WARNING - 継続行の最終行に到達: 物理行 6082 : '                     +0.5d0*(dsign(1.0d0,DCB(I,J,L))  +1.0d0)*DABS(DCB(I,J,L))   &'
2025-06-30 02:32:59,986 - WARNING - 継続行の最終行に到達: 物理行 6089 : '                     -0.5d0*(dsign(1.0d0,DCB(I,J,L))  -1.0d0)*DABS(DCB(I,J,L))   &'
2025-06-30 02:32:59,986 - WARNING - 継続行の最終行に到達: 物理行 6161 : '                 + (DSA-DSB(I,J))*FB(I,J,L,IFSIG(I,J)-1)'
2025-06-30 02:32:59,987 - WARNING - 継続行の最終行に到達: 物理行 6176 : '   222   JJ = JJ-1'
2025-06-30 02:32:59,988 - WARNING - 継続行の最終行に到達: 物理行 6467 : 'write(*,'(a10,9f10.4)') '1',time2-time0'
2025-06-30 02:32:59,988 - WARNING - 継続行の最終行に到達: 物理行 6504 : '                +0.5d0*(dsign(1.0d0,QBYIL(I,J,L))+1.0d0)*DABS(QBYIL(I,J,L))*ASIG4  &'
2025-06-30 02:32:59,989 - WARNING - 継続行の最終行に到達: 物理行 6658 : 'time1=dclock()'
2025-06-30 02:32:59,989 - WARNING - 継続行の最終行に到達: 物理行 6704 : 'time1=dclock()'
2025-06-30 02:32:59,990 - WARNING - 継続行の最終行に到達: 物理行 6747 : 'time1=dclock()'
2025-06-30 02:32:59,990 - WARNING - 継続行の最終行に到達: 物理行 6789 : 'time1=dclock()'
2025-06-30 02:32:59,991 - WARNING - 継続行の最終行に到達: 物理行 6827 : 'time1=dclock()'
2025-06-30 02:32:59,991 - WARNING - 継続行の最終行に到達: 物理行 6908 : 'time1=dclock()'
2025-06-30 02:32:59,992 - WARNING - 継続行の最終行に到達: 物理行 6946 : 'time1=dclock()'
2025-06-30 02:32:59,993 - WARNING - 継続行の最終行に到達: 物理行 7037 : '                     +0.5d0*(dsign(1.0d0,DCB(I,J,L))  +1.0d0)*DABS(DCB(I,J,L))   &'
2025-06-30 02:32:59,993 - WARNING - 継続行の最終行に到達: 物理行 7044 : '                     -0.5d0*(dsign(1.0d0,DCB(I,J,L))  -1.0d0)*DABS(DCB(I,J,L))   &'
2025-06-30 02:32:59,993 - WARNING - 継続行の最終行に到達: 物理行 7060 : 'time1=dclock()'
2025-06-30 02:32:59,994 - WARNING - 継続行の最終行に到達: 物理行 7161 : 'endif'
2025-06-30 02:32:59,994 - WARNING - 継続行の最終行に到達: 物理行 7174 : 'time1=dclock()'
2025-06-30 02:32:59,995 - WARNING - 継続行の最終行に到達: 物理行 7219 : 'time1=dclock()'
2025-06-30 02:32:59,995 - WARNING - 継続行の最終行に到達: 物理行 7248 : 'time1=dclock()'
2025-06-30 02:32:59,995 - WARNING - 継続行の最終行に到達: 物理行 7270 : 'time1=dclock()'
2025-06-30 02:32:59,998 - WARNING - 継続行の最終行に到達: 物理行 7990 : '     DO J=1,NY'
2025-06-30 02:33:00,001 - WARNING - 継続行の最終行に到達: 物理行 9208 : '               '     草本 ','    降雨N ','   N供給量','    窒素量',' 窒素濃度%''
2025-06-30 02:33:00,002 - WARNING - 継続行の最終行に到達: 物理行 9211 : '                      tnsply_dmgrs(LL),tn_rain,tn_sply(LL),tn_soil(LL),tnn_soil(LL)'
2025-06-30 02:33:00,002 - WARNING - 継続行の最終行に到達: 物理行 9218 : '            '  天蓋面積m2',' N摂取g/m2yr','  N分解g(累)','  N分解g(単)','  N分解供給g/yr','N分解供給g/m2yr''
2025-06-30 02:33:00,002 - WARNING - 継続行の最終行に到達: 物理行 9221 : '               ag_dmlft(LL),dg_dmlft(LL),tnsply_dmlf(LL),tnsply_dmlf_ua(LL)'
2025-06-30 02:33:00,003 - WARNING - 継続行の最終行に到達: 物理行 9228 : '           '  粒径の影響',' 粒径D60(m) ','草本窒素含有','分解草ﾘﾀｰ_累','分解草ﾘﾀｰ_単',' 分解供給g/m2yr',' 草本高さm''
2025-06-30 02:33:00,003 - WARNING - 継続行の最終行に到達: 物理行 9231 : '              grain_efc(LL),DR60(I,J,LL),tngrass(LL),ag_dmgrs(LL), dg_dmgrs(LL),tnsply_dmgrs(LL),grsh(LL)'
2025-06-30 02:33:00,003 - WARNING - 継続行の最終行に到達: 物理行 9237 : '            ' ﾊﾞｲｵﾏｽ_支根','ﾊﾞｲｵﾏｽ量地下','  CM1_樹高  ','  CM2_枝下高','  CM3_樹冠幅','  天蓋面積m2''
2025-06-30 02:33:00,004 - WARNING - 継続行の最終行に到達: 物理行 9252 : '                                        '      DDJK','  trdensty','        AB''
2025-06-30 02:33:00,004 - WARNING - 継続行の最終行に到達: 物理行 9262 : '!-------諸元クリアー'
2025-06-30 02:33:00,004 - WARNING - 継続行の最終行に到達: 物理行 9389 : '                             ,zb(i,j)-zbint(i,j),TSTArec(i,j),QBXsum,QBYsum,QBXY,CCsum,DR(i,j)*1000.'
2025-06-30 02:33:00,005 - WARNING - 継続行の最終行に到達: 物理行 9492 : '               -dsqrt(36.0d0*ANYU**2/((SIGR-1.0d0)*G*DM(L)**3))) *dsqrt((SIGR-1.0d0)*G*DM(L))'
2025-06-30 02:33:00,005 - INFO - 仮ユニット追加: 1 MAIN_PROGRAM (行: 1-75)
2025-06-30 02:33:00,005 - INFO - ユニット開始　　　: 2  RDDATA (SUBROUTINE) (行: 76)
2025-06-30 02:33:00,006 - INFO - ユニット終了　　　: 2  RDDATA (行: 76-98)
2025-06-30 02:33:00,006 - INFO - ユニット開始　　　: 3  MAIN (SUBROUTINE) (行: 101)
2025-06-30 02:33:00,007 - INFO - ユニット終了　　　: 3  MAIN (行: 101-435)
2025-06-30 02:33:00,007 - INFO - ユニット開始　　　: 4  PRMT (SUBROUTINE) (行: 439)
2025-06-30 02:33:00,008 - INFO - ユニット終了　　　: 4  PRMT (行: 439-955)
2025-06-30 02:33:00,008 - INFO - ユニット開始　　　: 5  INTGRD (SUBROUTINE) (行: 958)
2025-06-30 02:33:00,009 - INFO - ユニット終了　　　: 5  INTGRD (行: 958-1112)
2025-06-30 02:33:00,010 - INFO - ユニット開始　　　: 6  HQREAD (SUBROUTINE) (行: 1115)
2025-06-30 02:33:00,010 - INFO - ユニット終了　　　: 6  HQREAD (行: 1115-1210)
2025-06-30 02:33:00,011 - INFO - ユニット開始　　　: 7  INTCND (SUBROUTINE) (行: 1213)
2025-06-30 02:33:00,012 - INFO - ユニット終了　　　: 7  INTCND (行: 1213-1451)
2025-06-30 02:33:00,012 - INFO - ユニット開始　　　: 8  INPSUI (SUBROUTINE) (行: 1454)
2025-06-30 02:33:00,013 - INFO - ユニット終了　　　: 8  INPSUI (行: 1454-1552)
2025-06-30 02:33:00,013 - INFO - ユニット開始　　　: 9  MTR (SUBROUTINE) (行: 1555)
2025-06-30 02:33:00,014 - INFO - ユニット終了　　　: 9  MTR (行: 1555-1671)
2025-06-30 02:33:00,014 - INFO - ユニット開始　　　: 10 BOUND (SUBROUTINE) (行: 1674)
2025-06-30 02:33:00,016 - INFO - ユニット終了　　　: 10 BOUND (行: 1674-1969)
2025-06-30 02:33:00,016 - INFO - ユニット開始　　　: 11 BOUND_ud_suii (SUBROUTINE) (行: 1972)
2025-06-30 02:33:00,017 - INFO - ユニット終了　　　: 11 BOUND_ud_suii (行: 1972-2194)
2025-06-30 02:33:00,018 - INFO - ユニット開始　　　: 12 CONT (SUBROUTINE) (行: 2197)
2025-06-30 02:33:00,019 - INFO - ユニット終了　　　: 12 CONT (行: 2197-2268)
2025-06-30 02:33:00,019 - INFO - ユニット開始　　　: 13 CALFM0 (SUBROUTINE) (行: 2272)
2025-06-30 02:33:00,021 - INFO - ユニット終了　　　: 13 CALFM0 (行: 2272-2574)
2025-06-30 02:33:00,021 - INFO - ユニット開始　　　: 14 CALFN0 (SUBROUTINE) (行: 2578)
2025-06-30 02:33:00,022 - INFO - ユニット終了　　　: 14 CALFN0 (行: 2578-2837)
2025-06-30 02:33:00,022 - INFO - ユニット開始　　　: 15 NEXT (SUBROUTINE) (行: 2840)
2025-06-30 02:33:00,023 - INFO - ユニット終了　　　: 15 NEXT (行: 2840-3072)
2025-06-30 02:33:00,023 - INFO - ユニット開始　　　: 16 OUT (SUBROUTINE) (行: 3075)
2025-06-30 02:33:00,024 - INFO - ユニット終了　　　: 16 OUT (行: 3075-3210)
2025-06-30 02:33:00,024 - INFO - ユニット開始　　　: 17 OUTX1 (SUBROUTINE) (行: 3213)
2025-06-30 02:33:00,025 - INFO - ユニット終了　　　: 17 OUTX1 (行: 3213-3252)
2025-06-30 02:33:00,025 - INFO - ユニット開始　　　: 18 OUTX2 (SUBROUTINE) (行: 3255)
2025-06-30 02:33:00,025 - INFO - ユニット終了　　　: 18 OUTX2 (行: 3255-3335)
2025-06-30 02:33:00,026 - INFO - ユニット開始　　　: 19 CONV (SUBROUTINE) (行: 3338)
2025-06-30 02:33:00,026 - INFO - ユニット終了　　　: 19 CONV (行: 3338-3388)
2025-06-30 02:33:00,026 - INFO - ユニット開始　　　: 20 VISCO (SUBROUTINE) (行: 3391)
2025-06-30 02:33:00,027 - INFO - ユニット終了　　　: 20 VISCO (行: 3391-3525)
2025-06-30 02:33:00,027 - INFO - ユニット開始　　　: 21 CALPR (SUBROUTINE) (行: 3528)
2025-06-30 02:33:00,028 - INFO - ユニット終了　　　: 21 CALPR (行: 3528-3720)
2025-06-30 02:33:00,028 - INFO - ユニット開始　　　: 22 FSCAL2 (SUBROUTINE) (行: 3725)
2025-06-30 02:33:00,029 - INFO - ユニット終了　　　: 22 FSCAL2 (行: 3725-3781)
2025-06-30 02:33:00,029 - INFO - ユニット開始　　　: 23 FNCAL2 (SUBROUTINE) (行: 3786)
2025-06-30 02:33:00,030 - INFO - ユニット終了　　　: 23 FNCAL2 (行: 3786-3856)
2025-06-30 02:33:00,030 - INFO - ユニット開始　　　: 24 continue (SUBROUTINE) (行: 3859)
2025-06-30 02:33:00,031 - INFO - ユニット終了　　　: 24 continue (行: 3859-3981)
2025-06-30 02:33:00,031 - INFO - ユニット開始　　　: 25 CPCAL (SUBROUTINE) (行: 3985)
2025-06-30 02:33:00,031 - INFO - ユニット終了　　　: 25 CPCAL (行: 3985-4025)
2025-06-30 02:33:00,032 - INFO - ユニット開始　　　: 26 upwind3d_FM0GUg (SUBROUTINE) (行: 4029)
2025-06-30 02:33:00,032 - INFO - ユニット終了　　　: 26 upwind3d_FM0GUg (行: 4029-4064)
2025-06-30 02:33:00,032 - INFO - ユニット開始　　　: 27 upwind3d_FM0GUy (SUBROUTINE) (行: 4068)
2025-06-30 02:33:00,033 - INFO - ユニット終了　　　: 27 upwind3d_FM0GUy (行: 4068-4102)
2025-06-30 02:33:00,033 - INFO - ユニット開始　　　: 28 upwind3d_FN0YIy (SUBROUTINE) (行: 4106)
2025-06-30 02:33:00,034 - INFO - ユニット終了　　　: 28 upwind3d_FN0YIy (行: 4106-4140)
2025-06-30 02:33:00,034 - INFO - ユニット開始　　　: 29 upwind3d_FN0YIg (SUBROUTINE) (行: 4143)
2025-06-30 02:33:00,034 - INFO - ユニット終了　　　: 29 upwind3d_FN0YIg (行: 4143-4180)
2025-06-30 02:33:00,035 - INFO - ユニット開始　　　: 30 vane (SUBROUTINE) (行: 4185)
2025-06-30 02:33:00,035 - INFO - ユニット終了　　　: 30 vane (行: 4185-4255)
2025-06-30 02:33:00,036 - INFO - ユニット開始　　　: 31 INTRRR (SUBROUTINE) (行: 4258)
2025-06-30 02:33:00,037 - INFO - ユニット終了　　　: 31 INTRRR (行: 4258-4527)
2025-06-30 02:33:00,037 - INFO - ユニット開始　　　: 32 INTSUS (SUBROUTINE) (行: 4530)
2025-06-30 02:33:00,037 - INFO - ユニット終了　　　: 32 INTSUS (行: 4530-4677)
2025-06-30 02:33:00,038 - INFO - ユニット開始　　　: 33 QBED (SUBROUTINE) (行: 4680)
2025-06-30 02:33:00,039 - INFO - ユニット終了　　　: 33 QBED (行: 4680-5085)
2025-06-30 02:33:00,039 - INFO - ユニット開始　　　: 34 SUS (SUBROUTINE) (行: 5088)
2025-06-30 02:33:00,040 - INFO - ユニット終了　　　: 34 SUS (行: 5088-5415)
2025-06-30 02:33:00,040 - INFO - ユニット開始　　　: 35 SUSver2 (SUBROUTINE) (行: 5419)
2025-06-30 02:33:00,041 - INFO - ユニット終了　　　: 35 SUSver2 (行: 5419-5821)
2025-06-30 02:33:00,042 - INFO - ユニット開始　　　: 36 BEDCNT (SUBROUTINE) (行: 5824)
2025-06-30 02:33:00,043 - INFO - ユニット終了　　　: 36 BEDCNT (行: 5824-6470)
2025-06-30 02:33:00,043 - INFO - ユニット開始　　　: 37 CALDQ (SUBROUTINE) (行: 6473)
2025-06-30 02:33:00,044 - INFO - ユニット終了　　　: 37 CALDQ (行: 6473-6639)
2025-06-30 02:33:00,044 - INFO - ユニット開始　　　: 38 BEDCNTver2 (SUBROUTINE) (行: 6645)
2025-06-30 02:33:00,046 - INFO - ユニット終了　　　: 38 BEDCNTver2 (行: 6645-7274)
2025-06-30 02:33:00,046 - INFO - ユニット開始　　　: 39 OUT11 (SUBROUTINE) (行: 7278)
2025-06-30 02:33:00,047 - INFO - ユニット終了　　　: 39 OUT11 (行: 7278-7398)
2025-06-30 02:33:00,047 - INFO - ユニット開始　　　: 40 OUT12 (SUBROUTINE) (行: 7402)
2025-06-30 02:33:00,048 - INFO - ユニット終了　　　: 40 OUT12 (行: 7402-7466)
2025-06-30 02:33:00,048 - INFO - ユニット開始　　　: 41 JMKSODO (SUBROUTINE) (行: 7469)
2025-06-30 02:33:00,048 - INFO - ユニット終了　　　: 41 JMKSODO (行: 7469-7541)
2025-06-30 02:33:00,049 - INFO - ユニット開始　　　: 42 JMKTOHUKU (SUBROUTINE) (行: 7545)
2025-06-30 02:33:00,049 - INFO - ユニット終了　　　: 42 JMKTOHUKU (行: 7545-7594)
2025-06-30 02:33:00,049 - INFO - ユニット開始　　　: 43 SODO_HENKA (SUBROUTINE) (行: 7597)
2025-06-30 02:33:00,050 - INFO - ユニット終了　　　: 43 SODO_HENKA (行: 7597-7777)
2025-06-30 02:33:00,050 - INFO - ユニット開始　　　: 44 HOURAKU (SUBROUTINE) (行: 7781)
2025-06-30 02:33:00,051 - INFO - ユニット終了　　　: 44 HOURAKU (行: 7781-7920)
2025-06-30 02:33:00,051 - INFO - ユニット開始　　　: 45 ABCALC (SUBROUTINE) (行: 7924)
2025-06-30 02:33:00,051 - INFO - ユニット終了　　　: 45 ABCALC (行: 7924-7957)
2025-06-30 02:33:00,052 - INFO - ユニット開始　　　: 46 FPTYPE (SUBROUTINE) (行: 7961)
2025-06-30 02:33:00,052 - INFO - ユニット終了　　　: 46 FPTYPE (行: 7961-8106)
2025-06-30 02:33:00,052 - INFO - ユニット開始　　　: 47 FPTYPE_HENKA (SUBROUTINE) (行: 8109)
2025-06-30 02:33:00,053 - INFO - ユニット終了　　　: 47 FPTYPE_HENKA (行: 8109-8303)
2025-06-30 02:33:00,053 - INFO - ユニット開始　　　: 48 FPTYPE_HENKA2 (SUBROUTINE) (行: 8306)
2025-06-30 02:33:00,054 - INFO - ユニット終了　　　: 48 FPTYPE_HENKA2 (行: 8306-8463)
2025-06-30 02:33:00,054 - INFO - ユニット開始　　　: 49 INTSTGDATA (SUBROUTINE) (行: 8467)
2025-06-30 02:33:00,055 - INFO - ユニット終了　　　: 49 INTSTGDATA (行: 8467-8617)
2025-06-30 02:33:00,055 - INFO - ユニット開始　　　: 50 AGETREE0 (SUBROUTINE) (行: 8620)
2025-06-30 02:33:00,055 - INFO - ユニット終了　　　: 50 AGETREE0 (行: 8620-8644)
2025-06-30 02:33:00,055 - INFO - ユニット開始　　　: 51 CALZERO (SUBROUTINE) (行: 8648)
2025-06-30 02:33:00,056 - INFO - ユニット終了　　　: 51 CALZERO (行: 8648-8721)
2025-06-30 02:33:00,056 - INFO - ユニット開始　　　: 52 CALSOILTN (SUBROUTINE) (行: 8724)
2025-06-30 02:33:00,057 - INFO - ユニット終了　　　: 52 CALSOILTN (行: 8724-8885)
2025-06-30 02:33:00,057 - INFO - ユニット開始　　　: 53 CALTREETN (SUBROUTINE) (行: 8889)
2025-06-30 02:33:00,057 - INFO - ユニット終了　　　: 53 CALTREETN (行: 8889-8991)
2025-06-30 02:33:00,058 - INFO - ユニット開始　　　: 54 CALGRASSTN (SUBROUTINE) (行: 8995)
2025-06-30 02:33:00,058 - INFO - ユニット終了　　　: 54 CALGRASSTN (行: 8995-9059)
2025-06-30 02:33:00,058 - INFO - ユニット開始　　　: 55 CALBIOMAS (SUBROUTINE) (行: 9064)
2025-06-30 02:33:00,059 - INFO - ユニット終了　　　: 55 CALBIOMAS (行: 9064-9105)
2025-06-30 02:33:00,059 - INFO - ユニット開始　　　: 56 OUTTN (SUBROUTINE) (行: 9109)
2025-06-30 02:33:00,059 - INFO - ユニット終了　　　: 56 OUTTN (行: 9109-9194)
2025-06-30 02:33:00,059 - INFO - ユニット開始　　　: 57 OUTTNCHECK (SUBROUTINE) (行: 9198)
2025-06-30 02:33:00,060 - INFO - ユニット終了　　　: 57 OUTTNCHECK (行: 9198-9242)
2025-06-30 02:33:00,060 - INFO - ユニット開始　　　: 58 TREEKANRI (SUBROUTINE) (行: 9246)
2025-06-30 02:33:00,060 - INFO - ユニット終了　　　: 58 TREEKANRI (行: 9246-9308)
2025-06-30 02:33:00,061 - INFO - ユニット開始　　　: 59 FILEOPEN (SUBROUTINE) (行: 9311)
2025-06-30 02:33:00,061 - INFO - ユニット終了　　　: 59 FILEOPEN (行: 9311-9328)
2025-06-30 02:33:00,061 - INFO - ユニット開始　　　: 60 TECPLOT (SUBROUTINE) (行: 9336)
2025-06-30 02:33:00,061 - INFO - ユニット終了　　　: 60 TECPLOT (行: 9336-9402)
2025-06-30 02:33:00,062 - INFO - ユニット開始　　　: 61 RESTINP (SUBROUTINE) (行: 9409)
2025-06-30 02:33:00,062 - INFO - ユニット終了　　　: 61 RESTINP (行: 9409-9497)
2025-06-30 02:33:00,062 - INFO - ユニット開始　　　: 62 RESTOUT (SUBROUTINE) (行: 9502)
2025-06-30 02:33:00,063 - INFO - ユニット終了　　　: 62 RESTOUT (行: 9502-9618)
2025-06-30 02:33:00,102 - INFO - 

==================================================
 Fortran Code Analyzer - Summary
==================================================
2025-06-30 02:33:00,103 - INFO - flow_data.json の生成を開始します: flow_data.json
2025-06-30 02:33:00,175 - INFO - flow_data.json の生成が完了しました: flow_data.json
2025-06-30 02:33:00,175 - INFO - flow_report.txt の生成を開始します: flow_report.txt
2025-06-30 02:33:00,188 - INFO - ネストレベル付きレポートが 'flow_report.txt' に生成されました。
2025-06-30 02:33:00,188 - INFO - flow_report.txt の生成が完了しました: flow_report.txt
2025-06-30 02:33:00,211 - INFO - ユニット番号: 1   |    - MAIN_PROGRAM         | Type: PROGRAM_NONAME  | CALLs: 3  | INCLUDEs: 3  | Lines: 1-75
2025-06-30 02:33:00,212 - INFO - ユニット番号: 2   |    - RDDATA               | Type: SUBROUTINE      | CALLs: 7  | INCLUDEs: 3  | Lines: 76-98
2025-06-30 02:33:00,212 - INFO - ユニット番号: 3   |    - MAIN                 | Type: SUBROUTINE      | CALLs: 49 | INCLUDEs: 3  | Lines: 101-435
2025-06-30 02:33:00,213 - INFO - ユニット番号: 4   |    - PRMT                 | Type: SUBROUTINE      | CALLs: 1  | INCLUDEs: 3  | Lines: 439-955
2025-06-30 02:33:00,213 - INFO - ユニット番号: 5   |    - INTGRD               | Type: SUBROUTINE      | CALLs: 0  | INCLUDEs: 3  | Lines: 958-1112
2025-06-30 02:33:00,213 - INFO - ユニット番号: 6   |    - HQREAD               | Type: SUBROUTINE      | CALLs: 0  | INCLUDEs: 3  | Lines: 1115-1210
2025-06-30 02:33:00,214 - INFO - ユニット番号: 7   |    - INTCND               | Type: SUBROUTINE      | CALLs: 0  | INCLUDEs: 3  | Lines: 1213-1451
2025-06-30 02:33:00,214 - INFO - ユニット番号: 8   |    - INPSUI               | Type: SUBROUTINE      | CALLs: 0  | INCLUDEs: 3  | Lines: 1454-1552
2025-06-30 02:33:00,215 - INFO - ユニット番号: 9   |    - MTR                  | Type: SUBROUTINE      | CALLs: 1  | INCLUDEs: 3  | Lines: 1555-1671
2025-06-30 02:33:00,215 - INFO - ユニット番号: 10  |    - BOUND                | Type: SUBROUTINE      | CALLs: 0  | INCLUDEs: 3  | Lines: 1674-1969
2025-06-30 02:33:00,216 - INFO - ユニット番号: 11  |    - BOUND_ud_suii        | Type: SUBROUTINE      | CALLs: 0  | INCLUDEs: 3  | Lines: 1972-2194
2025-06-30 02:33:00,216 - INFO - ユニット番号: 12  |    - CONT                 | Type: SUBROUTINE      | CALLs: 0  | INCLUDEs: 3  | Lines: 2197-2268
2025-06-30 02:33:00,216 - INFO - ユニット番号: 13  |    - CALFM0               | Type: SUBROUTINE      | CALLs: 4  | INCLUDEs: 3  | Lines: 2272-2574
2025-06-30 02:33:00,217 - INFO - ユニット番号: 14  |    - CALFN0               | Type: SUBROUTINE      | CALLs: 4  | INCLUDEs: 3  | Lines: 2578-2837
2025-06-30 02:33:00,217 - INFO - ユニット番号: 15  |    - NEXT                 | Type: SUBROUTINE      | CALLs: 0  | INCLUDEs: 3  | Lines: 2840-3072
2025-06-30 02:33:00,217 - INFO - ユニット番号: 16  |    - OUT                  | Type: SUBROUTINE      | CALLs: 0  | INCLUDEs: 3  | Lines: 3075-3210
2025-06-30 02:33:00,218 - INFO - ユニット番号: 17  |    - OUTX1                | Type: SUBROUTINE      | CALLs: 0  | INCLUDEs: 2  | Lines: 3213-3252
2025-06-30 02:33:00,218 - INFO - ユニット番号: 18  |    - OUTX2                | Type: SUBROUTINE      | CALLs: 0  | INCLUDEs: 3  | Lines: 3255-3335
2025-06-30 02:33:00,218 - INFO - ユニット番号: 19  |    - CONV                 | Type: SUBROUTINE      | CALLs: 0  | INCLUDEs: 3  | Lines: 3338-3388
2025-06-30 02:33:00,219 - INFO - ユニット番号: 20  |    - VISCO                | Type: SUBROUTINE      | CALLs: 0  | INCLUDEs: 3  | Lines: 3391-3525
2025-06-30 02:33:00,219 - INFO - ユニット番号: 21  |    - CALPR                | Type: SUBROUTINE      | CALLs: 0  | INCLUDEs: 3  | Lines: 3528-3720
2025-06-30 02:33:00,219 - INFO - ユニット番号: 22  |    - FSCAL2               | Type: SUBROUTINE      | CALLs: 0  | INCLUDEs: 3  | Lines: 3725-3781
2025-06-30 02:33:00,219 - INFO - ユニット番号: 23  |    - FNCAL2               | Type: SUBROUTINE      | CALLs: 0  | INCLUDEs: 3  | Lines: 3786-3856
2025-06-30 02:33:00,220 - INFO - ユニット番号: 24  |    - continue             | Type: SUBROUTINE      | CALLs: 1  | INCLUDEs: 3  | Lines: 3859-3981
2025-06-30 02:33:00,220 - INFO - ユニット番号: 25  |    - CPCAL                | Type: SUBROUTINE      | CALLs: 0  | INCLUDEs: 0  | Lines: 3985-4025
2025-06-30 02:33:00,220 - INFO - ユニット番号: 26  |    - upwind3d_FM0GUg      | Type: SUBROUTINE      | CALLs: 0  | INCLUDEs: 3  | Lines: 4029-4064
2025-06-30 02:33:00,220 - INFO - ユニット番号: 27  |    - upwind3d_FM0GUy      | Type: SUBROUTINE      | CALLs: 0  | INCLUDEs: 3  | Lines: 4068-4102
2025-06-30 02:33:00,220 - INFO - ユニット番号: 28  |    - upwind3d_FN0YIy      | Type: SUBROUTINE      | CALLs: 0  | INCLUDEs: 3  | Lines: 4106-4140
2025-06-30 02:33:00,221 - INFO - ユニット番号: 29  |    - upwind3d_FN0YIg      | Type: SUBROUTINE      | CALLs: 0  | INCLUDEs: 3  | Lines: 4143-4180
2025-06-30 02:33:00,221 - INFO - ユニット番号: 30  |    - vane                 | Type: SUBROUTINE      | CALLs: 0  | INCLUDEs: 3  | Lines: 4185-4255
2025-06-30 02:33:00,221 - INFO - ユニット番号: 31  |    - INTRRR               | Type: SUBROUTINE      | CALLs: 0  | INCLUDEs: 3  | Lines: 4258-4527
2025-06-30 02:33:00,221 - INFO - ユニット番号: 32  |    - INTSUS               | Type: SUBROUTINE      | CALLs: 0  | INCLUDEs: 3  | Lines: 4530-4677
2025-06-30 02:33:00,221 - INFO - ユニット番号: 33  |    - QBED                 | Type: SUBROUTINE      | CALLs: 0  | INCLUDEs: 3  | Lines: 4680-5085
2025-06-30 02:33:00,222 - INFO - ユニット番号: 34  |    - SUS                  | Type: SUBROUTINE      | CALLs: 0  | INCLUDEs: 3  | Lines: 5088-5415
2025-06-30 02:33:00,222 - INFO - ユニット番号: 35  |    - SUSver2              | Type: SUBROUTINE      | CALLs: 0  | INCLUDEs: 3  | Lines: 5419-5821
2025-06-30 02:33:00,222 - INFO - ユニット番号: 36  |    - BEDCNT               | Type: SUBROUTINE      | CALLs: 1  | INCLUDEs: 3  | Lines: 5824-6470
2025-06-30 02:33:00,222 - INFO - ユニット番号: 37  |    - CALDQ                | Type: SUBROUTINE      | CALLs: 0  | INCLUDEs: 3  | Lines: 6473-6639
2025-06-30 02:33:00,222 - INFO - ユニット番号: 38  |    - BEDCNTver2           | Type: SUBROUTINE      | CALLs: 0  | INCLUDEs: 3  | Lines: 6645-7274
2025-06-30 02:33:00,223 - INFO - ユニット番号: 39  |    - OUT11                | Type: SUBROUTINE      | CALLs: 0  | INCLUDEs: 3  | Lines: 7278-7398
2025-06-30 02:33:00,223 - INFO - ユニット番号: 40  |    - OUT12                | Type: SUBROUTINE      | CALLs: 0  | INCLUDEs: 3  | Lines: 7402-7466
2025-06-30 02:33:00,223 - INFO - ユニット番号: 41  |    - JMKSODO              | Type: SUBROUTINE      | CALLs: 2  | INCLUDEs: 3  | Lines: 7469-7541
2025-06-30 02:33:00,223 - INFO - ユニット番号: 42  |    - JMKTOHUKU            | Type: SUBROUTINE      | CALLs: 0  | INCLUDEs: 3  | Lines: 7545-7594
2025-06-30 02:33:00,223 - INFO - ユニット番号: 43  |    - SODO_HENKA           | Type: SUBROUTINE      | CALLs: 0  | INCLUDEs: 3  | Lines: 7597-7777
2025-06-30 02:33:00,224 - INFO - ユニット番号: 44  |    - HOURAKU              | Type: SUBROUTINE      | CALLs: 0  | INCLUDEs: 3  | Lines: 7781-7920
2025-06-30 02:33:00,224 - INFO - ユニット番号: 45  |    - ABCALC               | Type: SUBROUTINE      | CALLs: 0  | INCLUDEs: 3  | Lines: 7924-7957
2025-06-30 02:33:00,224 - INFO - ユニット番号: 46  |    - FPTYPE               | Type: SUBROUTINE      | CALLs: 0  | INCLUDEs: 3  | Lines: 7961-8106
2025-06-30 02:33:00,224 - INFO - ユニット番号: 47  |    - FPTYPE_HENKA         | Type: SUBROUTINE      | CALLs: 0  | INCLUDEs: 3  | Lines: 8109-8303
2025-06-30 02:33:00,224 - INFO - ユニット番号: 48  |    - FPTYPE_HENKA2        | Type: SUBROUTINE      | CALLs: 0  | INCLUDEs: 3  | Lines: 8306-8463
2025-06-30 02:33:00,225 - INFO - ユニット番号: 49  |    - INTSTGDATA           | Type: SUBROUTINE      | CALLs: 0  | INCLUDEs: 3  | Lines: 8467-8617
2025-06-30 02:33:00,225 - INFO - ユニット番号: 50  |    - AGETREE0             | Type: SUBROUTINE      | CALLs: 0  | INCLUDEs: 3  | Lines: 8620-8644
2025-06-30 02:33:00,225 - INFO - ユニット番号: 51  |    - CALZERO              | Type: SUBROUTINE      | CALLs: 0  | INCLUDEs: 3  | Lines: 8648-8721
2025-06-30 02:33:00,225 - INFO - ユニット番号: 52  |    - CALSOILTN            | Type: SUBROUTINE      | CALLs: 4  | INCLUDEs: 3  | Lines: 8724-8885
2025-06-30 02:33:00,225 - INFO - ユニット番号: 53  |    - CALTREETN            | Type: SUBROUTINE      | CALLs: 0  | INCLUDEs: 3  | Lines: 8889-8991
2025-06-30 02:33:00,226 - INFO - ユニット番号: 54  |    - CALGRASSTN           | Type: SUBROUTINE      | CALLs: 0  | INCLUDEs: 3  | Lines: 8995-9059
2025-06-30 02:33:00,226 - INFO - ユニット番号: 55  |    - CALBIOMAS            | Type: SUBROUTINE      | CALLs: 0  | INCLUDEs: 3  | Lines: 9064-9105
2025-06-30 02:33:00,226 - INFO - ユニット番号: 56  |    - OUTTN                | Type: SUBROUTINE      | CALLs: 0  | INCLUDEs: 3  | Lines: 9109-9194
2025-06-30 02:33:00,226 - INFO - ユニット番号: 57  |    - OUTTNCHECK           | Type: SUBROUTINE      | CALLs: 0  | INCLUDEs: 3  | Lines: 9198-9242
2025-06-30 02:33:00,226 - INFO - ユニット番号: 58  |    - TREEKANRI            | Type: SUBROUTINE      | CALLs: 1  | INCLUDEs: 3  | Lines: 9246-9308
2025-06-30 02:33:00,227 - INFO - ユニット番号: 59  |    - FILEOPEN             | Type: SUBROUTINE      | CALLs: 0  | INCLUDEs: 0  | Lines: 9311-9328
2025-06-30 02:33:00,227 - INFO - ユニット番号: 60  |    - TECPLOT              | Type: SUBROUTINE      | CALLs: 0  | INCLUDEs: 3  | Lines: 9336-9402
2025-06-30 02:33:00,227 - INFO - ユニット番号: 61  |    - RESTINP              | Type: SUBROUTINE      | CALLs: 1  | INCLUDEs: 4  | Lines: 9409-9497
2025-06-30 02:33:00,227 - INFO - ユニット番号: 62  |    - RESTOUT              | Type: SUBROUTINE      | CALLs: 1  | INCLUDEs: 3  | Lines: 9502-9618
2025-06-30 02:33:00,227 - INFO - 

Mermaidフローチャートの生成を開始します。出力先: {output_dir}
2025-06-30 02:33:00,228 - INFO - Mermaidフローチャート生成を開始します
2025-06-30 02:33:00,228 - WARNING - 解析データにプログラムユニット情報がありません。
2025-06-30 02:33:00,228 - INFO - 
解析ログは 'fortran_analyzer.log' に、
2025-06-30 02:33:00,228 - INFO - Mermaidチャートは 'mermaid_charts' フォルダに保存されました。
